// Jest Snapshot v1, https://goo.gl/fbAQLP

exports[`App Component Should render App component correctly 1`] = `
<div>
  <div
    class="container"
  >
    <header>
      <a
        class="logo"
        href="/"
      >
        Image Gallery
      </a>
    </header>
    <section
      class="gallery"
    >
      <section
        class="filter"
      >
        <div
          class="filter__group"
        >
          <label
            class="filter__label"
          >
            Section:
          </label>
          <div
            class="filter__inputgroup"
          >
            <button
              class="filter__button--active"
            >
              HOT
            </button>
            <button
              class="filter__button"
            >
              TOP
            </button>
            <button
              class="filter__button"
            >
              USER
            </button>
          </div>
        </div>
        <div
          class="filter__group"
        >
          <label
            class="filter__label"
          >
            Window:
          </label>
          <div
            class="filter__inputgroup"
          >
            <button
              class="filter__button--active"
            >
              DAY
            </button>
            <button
              class="filter__button"
            >
              WEEK
            </button>
            <button
              class="filter__button"
            >
              MONTH
            </button>
            <button
              class="filter__button"
            >
              YEAR
            </button>
            <button
              class="filter__button"
            >
              ALL
            </button>
          </div>
        </div>
        <div
          class="filter__group"
        >
          <label
            class="filter__label"
          >
            Sort By:
          </label>
          <div
            class="filter__inputgroup"
          >
            <button
              class="filter__button--active"
            >
              VIRAL
            </button>
            <button
              class="filter__button"
            >
              TOP
            </button>
            <button
              class="filter__button"
            >
              TIME
            </button>
            <button
              class="filter__button"
            >
              RISING
            </button>
          </div>
        </div>
        <div
          class="fliter__group"
        >
          <label
            class="filter__label"
          >
            Show Viral Images:
          </label>
          <div
            class="filter__inputgroup"
          >
            <input
              type="checkbox"
              value="false"
            />
          </div>
        </div>
      </section>
      <main
        class="container"
      >
        <div
          class="content grid-row"
        />
      </main>
      <div
        class="loading loading--active"
        data-testid="loading"
      >
        <span>
          Loading...
        </span>
      </div>
    </section>
  </div>
</div>
`;
